\BOOKMARK [0][-]{chapter*.1}{..}{}% 1
\BOOKMARK [0][-]{chapter*.2}{..}{}% 2
\BOOKMARK [0][-]{chapter*.3}{. ..}{}% 3
\BOOKMARK [0][-]{chapter*.4}{.. ..}{}% 4
\BOOKMARK [0][-]{chapter.1}{..}{}% 5
\BOOKMARK [1][-]{section.1.1}{.. ..}{chapter.1}% 6
\BOOKMARK [1][-]{section.1.2}{.. .. . ..}{chapter.1}% 7
\BOOKMARK [1][-]{section.1.3}{....}{chapter.1}% 8
\BOOKMARK [0][-]{chapter.2}{....}{}% 9
\BOOKMARK [1][-]{section.2.1}{.. .. ... .. .. ..}{chapter.2}% 10
\BOOKMARK [0][-]{chapter.3}{..}{}% 11
\BOOKMARK [1][-]{section.3.1}{... ..}{chapter.3}% 12
\BOOKMARK [1][-]{section.3.2}{.... ....}{chapter.3}% 13
\BOOKMARK [0][-]{chapter.4}{.. ..}{}% 14
\BOOKMARK [1][-]{section.4.1}{.. ..}{chapter.4}% 15
\BOOKMARK [1][-]{section.4.2}{.. ..}{chapter.4}% 16
\BOOKMARK [0][-]{chapter.5}{..}{}% 17
\BOOKMARK [1][-]{section.5.1}{..}{chapter.5}% 18
\BOOKMARK [1][-]{section.5.2}{.. ..}{chapter.5}% 19
\BOOKMARK [0][-]{section*.8}{....}{}% 20
\BOOKMARK [0][-]{chapter*.10}{Abstract}{}% 21
\BOOKMARK [0][-]{section*.11}{... .}{}% 22
